2026-05-25 01:05:18 - === TENTATIVA DE LOGIN ===
2026-05-25 01:05:18 - Email recebido: admin@mesaflow.com
2026-05-25 01:05:18 - Senha recebida: 8 caracteres
2026-05-25 01:05:18 - ✓ Usuário encontrado no banco: Administrador Geral
2026-05-25 01:05:18 - Email no banco: admin@mesaflow.com
2026-05-25 01:05:18 - Status: ativo
2026-05-25 01:05:18 - Hash no banco: $2y$10$wKsnW/6wDOf5G...
2026-05-25 01:05:18 - Password verify resultado: FALSO
2026-05-25 01:05:18 - ✗ Senha inválida
2026-05-25 01:05:18 - FALHA NA AUTENTICAÇÃO

2026-05-25 01:09:46 - === TENTATIVA DE LOGIN ===
2026-05-25 01:09:46 - Email recebido: admin@mesaflow.com
2026-05-25 01:09:46 - Senha recebida: 8 caracteres
2026-05-25 01:09:46 - ✓ Usuário encontrado no banco: Administrador Geral
2026-05-25 01:09:46 - Email no banco: admin@mesaflow.com
2026-05-25 01:09:46 - Status: ativo
2026-05-25 01:09:46 - Hash no banco: $2y$10$3tVXv5O0/LFfK...
2026-05-25 01:09:46 - Password verify resultado: FALSO
2026-05-25 01:09:46 - ✗ Senha inválida
2026-05-25 01:09:46 - FALHA NA AUTENTICAÇÃO

2026-05-25 02:43:40 - === TENTATIVA DE LOGIN ===
2026-05-25 02:43:40 - Email recebido: admin@mesaflow.com
2026-05-25 02:43:40 - Senha recebida: 8 caracteres
2026-05-25 02:43:40 - ✓ Usuário encontrado no banco: Administrador Geral
2026-05-25 02:43:40 - Email no banco: admin@mesaflow.com
2026-05-25 02:43:40 - Status: ativo
2026-05-25 02:43:40 - Hash no banco: $2y$10$Aft7Reb2UIubE...
2026-05-25 02:43:40 - Password verify resultado: VERDADEIRO
2026-05-25 02:43:40 - ✓ AUTENTICAÇÃO BEM-SUCEDIDA
2026-05-25 02:43:59 - === TENTATIVA DE LOGIN ===
2026-05-25 02:43:59 - Email recebido: admin@mesaflow.com
2026-05-25 02:43:59 - Senha recebida: 8 caracteres
2026-05-25 02:43:59 - ✓ Usuário encontrado no banco: Administrador Geral
2026-05-25 02:43:59 - Email no banco: admin@mesaflow.com
2026-05-25 02:43:59 - Status: ativo
2026-05-25 02:43:59 - Hash no banco: $2y$10$Aft7Reb2UIubE...
2026-05-25 02:43:59 - Password verify resultado: VERDADEIRO
2026-05-25 02:43:59 - ✓ AUTENTICAÇÃO BEM-SUCEDIDA
2026-05-25 03:27:27 - === TENTATIVA DE LOGIN ===
2026-05-25 03:27:27 - Email recebido: admin@mesaflow.com
2026-05-25 03:27:27 - Senha recebida: 8 caracteres
2026-05-25 03:27:27 - ✓ Usuário encontrado no banco: Administrador Geral
2026-05-25 03:27:27 - Email no banco: admin@mesaflow.com
2026-05-25 03:27:27 - Status: ativo
2026-05-25 03:27:27 - Hash no banco: $2y$10$Aft7Reb2UIubE...
2026-05-25 03:27:27 - Password verify resultado: VERDADEIRO
2026-05-25 03:27:27 - ✓ AUTENTICAÇÃO BEM-SUCEDIDA
